/a/2.gpg
/z/a/2.gpg
/z/a/b/3.gpg
/z/a/b/4.gpg
/z/a/b/c/1.gpg
