# Trying some paths
9153b1c362dbe3f933486e184dee73f15ac7abe28513c39c3240892e78b2ee95
bdc3dee3d840c5f1ea89685a3c69b4f59373aca566f8f47ac66c5d54c6e81fe7
4e24a78603235dbec192818aaff9b0370b85dd5ad919abeb1b0b9df8cfe7bd24
# Verify that salt has an effect
e23ff470d4b19b247ef8c236c16867b5f4bfc1fa9b45856730574d39c5c09e59
e220c5968bf8843f07880dda8f92d6a483647434efa17cbbaa5265327b0de1f7
dd2e6bc6594ceb18f93dfac5c91d6dd5421a706925bff803dec01179a8b443de
# Trying empty path
328d7f53bcc97c763fa50680ff0b48ace3b80e0bf47a6e45c3fac97d596048b7
