# Trying some paths
58ab00fe3c5afdd469f0e65118c07a7d9c15bad9f8801e932a1af90244874f95
44dae0712a21244e6bb21f50584edc1dbe3921f2412331437aef18bb98679329
028ab6429b82c58d4b2b5b62f714761bccdaade2c36dcf60b54daa891eb14f12
# Verify that salt has an effect
a7d16d9b0a9f2f216d34af935faf2931aae6d4bb60316df11ed644c14a25f6dc
b08dd10b570fac37efd34d30111e8d9872303422eadd2a810c25ae7f1c18e0a7
fe0bc444e0b4bab459b032aa0a476ae5ff892f95b35dfb1b71624b2422c99726
# Trying empty path
6a38d9fc8e880ab5985c2b1e1038b743975aad46e1032b16aa3a84f633fbf91a
